******************************************************************************
                  MSP430 Linker PC v16.9.3                     
******************************************************************************
>> Linked Mon Mar 05 22:04:44 2018

OUTPUT FILE NAME:   <MSP-EXP430G2_008.out>
ENTRY POINT SYMBOL: "_c_int00_noargs_noexit"  address: 0000fe8c


MEMORY CONFIGURATION

         name            origin    length      used     unused   attr    fill
----------------------  --------  ---------  --------  --------  ----  --------
  SFR                   00000000   00000010  00000000  00000010  RWIX
  PERIPHERALS_8BIT      00000010   000000f0  00000000  000000f0  RWIX
  PERIPHERALS_16BIT     00000100   00000100  00000000  00000100  RWIX
  RAM                   00000200   00000080  0000003d  00000043  RWIX
  INFOD                 00001000   00000040  00000000  00000040  RWIX
  INFOC                 00001040   00000040  00000000  00000040  RWIX
  INFOB                 00001080   00000040  00000000  00000040  RWIX
  INFOA                 000010c0   00000040  00000000  00000040  RWIX
  FLASH                 0000f800   000007e0  00000788  00000058  RWIX
  INT00                 0000ffe0   00000002  00000000  00000002  RWIX
  INT01                 0000ffe2   00000002  00000000  00000002  RWIX
  INT02                 0000ffe4   00000002  00000002  00000000  RWIX
  INT03                 0000ffe6   00000002  00000002  00000000  RWIX
  INT04                 0000ffe8   00000002  00000002  00000000  RWIX
  INT05                 0000ffea   00000002  00000002  00000000  RWIX
  INT06                 0000ffec   00000002  00000000  00000002  RWIX
  INT07                 0000ffee   00000002  00000000  00000002  RWIX
  INT08                 0000fff0   00000002  00000002  00000000  RWIX
  INT09                 0000fff2   00000002  00000002  00000000  RWIX
  INT10                 0000fff4   00000002  00000002  00000000  RWIX
  INT11                 0000fff6   00000002  00000000  00000002  RWIX
  INT12                 0000fff8   00000002  00000000  00000002  RWIX
  INT13                 0000fffa   00000002  00000000  00000002  RWIX
  INT14                 0000fffc   00000002  00000002  00000000  RWIX
  RESET                 0000fffe   00000002  00000002  00000000  RWIX


SECTION ALLOCATION MAP

 output                                  attributes/
section   page    origin      length       input sections
--------  ----  ----------  ----------   ----------------
.bss       0    00000200    00000009     UNINITIALIZED
                  00000200    00000008     (.common:char_LCD)
                  00000208    00000001     (.common:i)

.data      0    0000020a    00000002     UNINITIALIZED
                  0000020a    00000002     main.obj (.data)

.stack     0    0000024c    00000032     UNINITIALIZED
                  0000024c    00000002     rts430_eabi.lib : boot.obj (.stack)
                  0000024e    00000030     --HOLE--

.text      0    0000f800    00000716     
                  0000f800    0000010a     main.obj (.text:main)
                  0000f90a    000000bc     lcd.obj (.text:LCD_Init)
                  0000f9c6    0000009e     special.obj (.text:itoa)
                  0000fa64    0000007c     rts430_eabi.lib : copy_decompress_lzss.obj (.text:decompress:lzss:__TI_decompress_lzss)
                  0000fae0    0000006e                     : autoinit.obj (.text:_auto_init)
                  0000fb4e    0000005a                     : cpy_tbl.obj (.text:copy_in)
                  0000fba8    00000058                     : div32u.obj (.text)
                  0000fc00    00000056     lcd.obj (.text:LCD_WriteCommand)
                  0000fc56    0000004c     rts430_eabi.lib : lsr16.obj (.text)
                  0000fca2    00000040     lcd.obj (.text:LCD_WriteData)
                  0000fce2    0000003a     main.obj (.text:Delay_Seg)
                  0000fd1c    0000003a     lcd.obj (.text:LCD_GotoXY)
                  0000fd56    0000003a     lcd.obj (.text:LCD_WriteROMString)
                  0000fd90    0000003a     lcd.obj (.text:LCD_WriteString)
                  0000fdca    00000034     lcd.obj (.text:LCD_Wait)
                  0000fdfe    0000002c     rts430_eabi.lib : asr16.obj (.text)
                  0000fe2a    0000002c                     : lsl16.obj (.text)
                  0000fe56    0000001c     lcd.obj (.text:LCD_WriteNibble)
                  0000fe72    0000001a     lcd.obj (.text:LCD_Strobe)
                  0000fe8c    0000001a     rts430_eabi.lib : boot_special.obj (.text:_c_int00_noargs_noexit)
                  0000fea6    00000014                     : copy_zero_init.obj (.text:decompress:ZI:__TI_zero_init)
                  0000feba    00000014                     : mult16.obj (.text)
                  0000fece    00000012                     : copy_decompress_none.obj (.text:decompress:none:__TI_decompress_none)
                  0000fee0    00000012                     : memcpy.obj (.text:memcpy)
                  0000fef2    00000010                     : epilog.obj (.text)
                  0000ff02    00000008                     : isr_trap.obj (.text:_isr:__TI_ISR_TRAP)
                  0000ff0a    00000006                     : exit.obj (.text:abort)
                  0000ff10    00000004                     : pre_init.obj (.text:_system_pre_init)
                  0000ff14    00000002                     : startup.obj (.text:_system_post_cinit)

.binit     0    0000f800    00000000     

.const     0    0000ff16    0000005a     
                  0000ff16    00000034     main.obj (.const:.string)
                  0000ff4a    00000026     special.obj (.const:.string)

.cinit     0    0000ff70    00000018     
                  0000ff70    00000006     (.cinit..data.load) [load image]
                  0000ff76    00000006     (__TI_handler_table)
                  0000ff7c    00000004     (.cinit..bss.load) [load image, compression = zero_init]
                  0000ff80    00000008     (__TI_cinit_table)

.init_array 
*          0    0000f800    00000000     UNINITIALIZED

PORT1      0    0000ffe4    00000002     
                  0000ffe4    00000002     rts430_eabi.lib : int02.obj (.int02)

PORT2      0    0000ffe6    00000002     
                  0000ffe6    00000002     rts430_eabi.lib : int03.obj (.int03)

USI        0    0000ffe8    00000002     
                  0000ffe8    00000002     rts430_eabi.lib : int04.obj (.int04)

ADC10      0    0000ffea    00000002     
                  0000ffea    00000002     rts430_eabi.lib : int05.obj (.int05)

TIMERA1    0    0000fff0    00000002     
                  0000fff0    00000002     rts430_eabi.lib : int08.obj (.int08)

TIMERA0    0    0000fff2    00000002     
                  0000fff2    00000002     rts430_eabi.lib : int09.obj (.int09)

WDT        0    0000fff4    00000002     
                  0000fff4    00000002     rts430_eabi.lib : int10.obj (.int10)

NMI        0    0000fffc    00000002     
                  0000fffc    00000002     rts430_eabi.lib : int14.obj (.int14)

.reset     0    0000fffe    00000002     
                  0000fffe    00000002     rts430_eabi.lib : boot.obj (.reset)

MODULE SUMMARY

       Module                     code   ro data   rw data
       ------                     ----   -------   -------
    .\
       lcd.obj                    618    0         0      
       main.obj                   324    52        11     
       special.obj                158    38        0      
    +--+--------------------------+------+---------+---------+
       Total:                     1100   90        11     
                                                          
    C:\ti\ccsv7\tools\compiler\ti-cgt-msp430_16.9.3.LTS\lib\rts430_eabi.lib
       copy_decompress_lzss.obj   124    0         0      
       autoinit.obj               110    0         0      
       cpy_tbl.obj                90     0         0      
       div32u.obj                 88     0         0      
       lsr16.obj                  76     0         0      
       asr16.obj                  44     0         0      
       lsl16.obj                  44     0         0      
       boot_special.obj           26     0         0      
       copy_zero_init.obj         20     0         0      
       mult16.obj                 20     0         0      
       copy_decompress_none.obj   18     0         0      
       memcpy.obj                 18     0         0      
       epilog.obj                 16     0         0      
       isr_trap.obj               8      0         0      
       exit.obj                   6      0         0      
       pre_init.obj               4      0         0      
       boot.obj                   0      2         0      
       int02.obj                  0      2         0      
       int03.obj                  0      2         0      
       int04.obj                  0      2         0      
       int05.obj                  0      2         0      
       int08.obj                  0      2         0      
       int09.obj                  0      2         0      
       int10.obj                  0      2         0      
       int14.obj                  0      2         0      
       startup.obj                2      0         0      
    +--+--------------------------+------+---------+---------+
       Total:                     714    18        0      
                                                          
       Stack:                     0      0         50     
       Linker Generated:          0      24        0      
    +--+--------------------------+------+---------+---------+
       Grand Total:               1814   132       61     


LINKER GENERATED COPY TABLES

__TI_cinit_table @ 0000ff80 records: 2, size/record: 4, table size: 8
	.data: load addr=0000ff70, load size=00000006 bytes, run addr=0000020a, run size=00000002 bytes, compression=copy
	.bss: load addr=0000ff7c, load size=00000004 bytes, run addr=00000200, run size=00000009 bytes, compression=zero_init


LINKER GENERATED HANDLER TABLE

__TI_handler_table @ 0000ff76 records: 3, size/record: 2, table size: 6
	index: 0, handler: __TI_zero_init
	index: 1, handler: __TI_decompress_lzss
	index: 2, handler: __TI_decompress_none


GLOBAL SYMBOLS: SORTED ALPHABETICALLY BY Name 

address   name                    
-------   ----                    
0000004a  ADC10AE0                
000001b0  ADC10CTL0               
000001b2  ADC10CTL1               
00000048  ADC10DTC0               
00000049  ADC10DTC1               
000001b4  ADC10MEM                
000001bc  ADC10SA                 
00000057  BCSCTL1                 
00000058  BCSCTL2                 
00000053  BCSCTL3                 
0000ff0a  C$$EXIT                 
000010ff  CALBC1_1MHZ             
000010fe  CALDCO_1MHZ             
00000056  DCOCTL                  
0000fce2  Delay_Seg               
00000128  FCTL1                   
0000012a  FCTL2                   
0000012c  FCTL3                   
00000000  IE1                     
00000002  IFG1                    
0000fd1c  LCD_GotoXY              
0000f90a  LCD_Init                
0000fe72  LCD_Strobe              
0000fdca  LCD_Wait                
0000fc00  LCD_WriteCommand        
0000fca2  LCD_WriteData           
0000fe56  LCD_WriteNibble         
0000fd56  LCD_WriteROMString      
0000fd90  LCD_WriteString         
00000022  P1DIR                   
00000025  P1IE                    
00000024  P1IES                   
00000023  P1IFG                   
00000020  P1IN                    
00000021  P1OUT                   
00000027  P1REN                   
00000026  P1SEL                   
0000002a  P2DIR                   
0000002d  P2IE                    
0000002c  P2IES                   
0000002b  P2IFG                   
00000028  P2IN                    
00000029  P2OUT                   
0000002f  P2REN                   
0000002e  P2SEL                   
00000172  TACCR0                  
00000174  TACCR1                  
00000162  TACCTL0                 
00000164  TACCTL1                 
00000160  TACTL                   
0000012e  TAIV                    
00000170  TAR                     
0000007a  USICCTL                 
0000007a  USICKCTL                
0000007b  USICNT                  
00000078  USICTL                  
00000078  USICTL0                 
00000079  USICTL1                 
0000007c  USISR                   
0000007d  USISRH                  
0000007c  USISRL                  
00000120  WDTCTL                  
0000027e  __STACK_END             
00000032  __STACK_SIZE            
UNDEFED   __TI_BINIT_Base         
UNDEFED   __TI_BINIT_Limit        
0000ff80  __TI_CINIT_Base         
0000ff88  __TI_CINIT_Limit        
0000ff76  __TI_Handler_Table_Base 
0000ff7c  __TI_Handler_Table_Limit
UNDEFED   __TI_INITARRAY_Base     
UNDEFED   __TI_INITARRAY_Limit    
0000ff02  __TI_ISR_TRAP           
0000fa64  __TI_decompress_lzss    
0000fece  __TI_decompress_none    
0000ffe4  __TI_int02              
0000ffe6  __TI_int03              
0000ffe8  __TI_int04              
0000ffea  __TI_int05              
0000fff0  __TI_int08              
0000fff2  __TI_int09              
0000fff4  __TI_int10              
0000fffc  __TI_int14              
ffffffff  __TI_pprof_out_hndl     
ffffffff  __TI_prof_data_size     
ffffffff  __TI_prof_data_start    
0000fea6  __TI_zero_init          
ffffffff  __c_args__              
0000fba8  __mspabi_divul          
0000fefe  __mspabi_func_epilog_1  
0000fefc  __mspabi_func_epilog_2  
0000fefa  __mspabi_func_epilog_3  
0000fef8  __mspabi_func_epilog_4  
0000fef6  __mspabi_func_epilog_5  
0000fef4  __mspabi_func_epilog_6  
0000fef2  __mspabi_func_epilog_7  
0000feba  __mspabi_mpyi           
0000feba  __mspabi_mpyi_sw        
0000fba8  __mspabi_remul          
0000fe2a  __mspabi_slli           
0000fe52  __mspabi_slli_1         
0000fe40  __mspabi_slli_10        
0000fe3e  __mspabi_slli_11        
0000fe3c  __mspabi_slli_12        
0000fe3a  __mspabi_slli_13        
0000fe38  __mspabi_slli_14        
0000fe36  __mspabi_slli_15        
0000fe50  __mspabi_slli_2         
0000fe4e  __mspabi_slli_3         
0000fe4c  __mspabi_slli_4         
0000fe4a  __mspabi_slli_5         
0000fe48  __mspabi_slli_6         
0000fe46  __mspabi_slli_7         
0000fe44  __mspabi_slli_8         
0000fe42  __mspabi_slli_9         
0000fdfe  __mspabi_srai           
0000fe26  __mspabi_srai_1         
0000fe14  __mspabi_srai_10        
0000fe12  __mspabi_srai_11        
0000fe10  __mspabi_srai_12        
0000fe0e  __mspabi_srai_13        
0000fe0c  __mspabi_srai_14        
0000fe0a  __mspabi_srai_15        
0000fe24  __mspabi_srai_2         
0000fe22  __mspabi_srai_3         
0000fe20  __mspabi_srai_4         
0000fe1e  __mspabi_srai_5         
0000fe1c  __mspabi_srai_6         
0000fe1a  __mspabi_srai_7         
0000fe18  __mspabi_srai_8         
0000fe16  __mspabi_srai_9         
0000fc56  __mspabi_srli           
0000fc9c  __mspabi_srli_1         
0000fc78  __mspabi_srli_10        
0000fc74  __mspabi_srli_11        
0000fc70  __mspabi_srli_12        
0000fc6c  __mspabi_srli_13        
0000fc68  __mspabi_srli_14        
0000fc64  __mspabi_srli_15        
0000fc98  __mspabi_srli_2         
0000fc94  __mspabi_srli_3         
0000fc90  __mspabi_srli_4         
0000fc8c  __mspabi_srli_5         
0000fc88  __mspabi_srli_6         
0000fc84  __mspabi_srli_7         
0000fc80  __mspabi_srli_8         
0000fc7c  __mspabi_srli_9         
0000fae0  _auto_init              
0000fe8c  _c_int00_noargs_noexit  
0000fffe  _reset_vector           
0000024c  _stack                  
0000ff14  _system_post_cinit      
0000ff10  _system_pre_init        
0000ff0a  abort                   
00000200  char_LCD                
0000fb4e  copy_in                 
00000208  i                       
0000020a  int_Value               
0000f9c6  itoa                    
0000f800  main                    
0000fee0  memcpy                  


GLOBAL SYMBOLS: SORTED BY Symbol Address 

address   name                    
-------   ----                    
00000000  IE1                     
00000002  IFG1                    
00000020  P1IN                    
00000021  P1OUT                   
00000022  P1DIR                   
00000023  P1IFG                   
00000024  P1IES                   
00000025  P1IE                    
00000026  P1SEL                   
00000027  P1REN                   
00000028  P2IN                    
00000029  P2OUT                   
0000002a  P2DIR                   
0000002b  P2IFG                   
0000002c  P2IES                   
0000002d  P2IE                    
0000002e  P2SEL                   
0000002f  P2REN                   
00000032  __STACK_SIZE            
00000048  ADC10DTC0               
00000049  ADC10DTC1               
0000004a  ADC10AE0                
00000053  BCSCTL3                 
00000056  DCOCTL                  
00000057  BCSCTL1                 
00000058  BCSCTL2                 
00000078  USICTL                  
00000078  USICTL0                 
00000079  USICTL1                 
0000007a  USICCTL                 
0000007a  USICKCTL                
0000007b  USICNT                  
0000007c  USISR                   
0000007c  USISRL                  
0000007d  USISRH                  
00000120  WDTCTL                  
00000128  FCTL1                   
0000012a  FCTL2                   
0000012c  FCTL3                   
0000012e  TAIV                    
00000160  TACTL                   
00000162  TACCTL0                 
00000164  TACCTL1                 
00000170  TAR                     
00000172  TACCR0                  
00000174  TACCR1                  
000001b0  ADC10CTL0               
000001b2  ADC10CTL1               
000001b4  ADC10MEM                
000001bc  ADC10SA                 
00000200  char_LCD                
00000208  i                       
0000020a  int_Value               
0000024c  _stack                  
0000027e  __STACK_END             
000010fe  CALDCO_1MHZ             
000010ff  CALBC1_1MHZ             
0000f800  main                    
0000f90a  LCD_Init                
0000f9c6  itoa                    
0000fa64  __TI_decompress_lzss    
0000fae0  _auto_init              
0000fb4e  copy_in                 
0000fba8  __mspabi_divul          
0000fba8  __mspabi_remul          
0000fc00  LCD_WriteCommand        
0000fc56  __mspabi_srli           
0000fc64  __mspabi_srli_15        
0000fc68  __mspabi_srli_14        
0000fc6c  __mspabi_srli_13        
0000fc70  __mspabi_srli_12        
0000fc74  __mspabi_srli_11        
0000fc78  __mspabi_srli_10        
0000fc7c  __mspabi_srli_9         
0000fc80  __mspabi_srli_8         
0000fc84  __mspabi_srli_7         
0000fc88  __mspabi_srli_6         
0000fc8c  __mspabi_srli_5         
0000fc90  __mspabi_srli_4         
0000fc94  __mspabi_srli_3         
0000fc98  __mspabi_srli_2         
0000fc9c  __mspabi_srli_1         
0000fca2  LCD_WriteData           
0000fce2  Delay_Seg               
0000fd1c  LCD_GotoXY              
0000fd56  LCD_WriteROMString      
0000fd90  LCD_WriteString         
0000fdca  LCD_Wait                
0000fdfe  __mspabi_srai           
0000fe0a  __mspabi_srai_15        
0000fe0c  __mspabi_srai_14        
0000fe0e  __mspabi_srai_13        
0000fe10  __mspabi_srai_12        
0000fe12  __mspabi_srai_11        
0000fe14  __mspabi_srai_10        
0000fe16  __mspabi_srai_9         
0000fe18  __mspabi_srai_8         
0000fe1a  __mspabi_srai_7         
0000fe1c  __mspabi_srai_6         
0000fe1e  __mspabi_srai_5         
0000fe20  __mspabi_srai_4         
0000fe22  __mspabi_srai_3         
0000fe24  __mspabi_srai_2         
0000fe26  __mspabi_srai_1         
0000fe2a  __mspabi_slli           
0000fe36  __mspabi_slli_15        
0000fe38  __mspabi_slli_14        
0000fe3a  __mspabi_slli_13        
0000fe3c  __mspabi_slli_12        
0000fe3e  __mspabi_slli_11        
0000fe40  __mspabi_slli_10        
0000fe42  __mspabi_slli_9         
0000fe44  __mspabi_slli_8         
0000fe46  __mspabi_slli_7         
0000fe48  __mspabi_slli_6         
0000fe4a  __mspabi_slli_5         
0000fe4c  __mspabi_slli_4         
0000fe4e  __mspabi_slli_3         
0000fe50  __mspabi_slli_2         
0000fe52  __mspabi_slli_1         
0000fe56  LCD_WriteNibble         
0000fe72  LCD_Strobe              
0000fe8c  _c_int00_noargs_noexit  
0000fea6  __TI_zero_init          
0000feba  __mspabi_mpyi           
0000feba  __mspabi_mpyi_sw        
0000fece  __TI_decompress_none    
0000fee0  memcpy                  
0000fef2  __mspabi_func_epilog_7  
0000fef4  __mspabi_func_epilog_6  
0000fef6  __mspabi_func_epilog_5  
0000fef8  __mspabi_func_epilog_4  
0000fefa  __mspabi_func_epilog_3  
0000fefc  __mspabi_func_epilog_2  
0000fefe  __mspabi_func_epilog_1  
0000ff02  __TI_ISR_TRAP           
0000ff0a  C$$EXIT                 
0000ff0a  abort                   
0000ff10  _system_pre_init        
0000ff14  _system_post_cinit      
0000ff76  __TI_Handler_Table_Base 
0000ff7c  __TI_Handler_Table_Limit
0000ff80  __TI_CINIT_Base         
0000ff88  __TI_CINIT_Limit        
0000ffe4  __TI_int02              
0000ffe6  __TI_int03              
0000ffe8  __TI_int04              
0000ffea  __TI_int05              
0000fff0  __TI_int08              
0000fff2  __TI_int09              
0000fff4  __TI_int10              
0000fffc  __TI_int14              
0000fffe  _reset_vector           
ffffffff  __TI_pprof_out_hndl     
ffffffff  __TI_prof_data_size     
ffffffff  __TI_prof_data_start    
ffffffff  __c_args__              
UNDEFED   __TI_BINIT_Base         
UNDEFED   __TI_BINIT_Limit        
UNDEFED   __TI_INITARRAY_Base     
UNDEFED   __TI_INITARRAY_Limit    

[161 symbols]
