******************************************************************************
                  MSP430 Linker PC v16.9.3                     
******************************************************************************
>> Linked Wed Nov 29 21:59:32 2017

OUTPUT FILE NAME:   <MSP-EXP430G2_004.out>
ENTRY POINT SYMBOL: "_c_int00_noargs_noexit"  address: 0000f9ee


MEMORY CONFIGURATION

         name            origin    length      used     unused   attr    fill
----------------------  --------  ---------  --------  --------  ----  --------
  SFR                   00000000   00000010  00000000  00000010  RWIX
  PERIPHERALS_8BIT      00000010   000000f0  00000000  000000f0  RWIX
  PERIPHERALS_16BIT     00000100   00000100  00000000  00000100  RWIX
  RAM                   00000200   00000080  00000034  0000004c  RWIX
  INFOD                 00001000   00000040  00000000  00000040  RWIX
  INFOC                 00001040   00000040  00000000  00000040  RWIX
  INFOB                 00001080   00000040  00000000  00000040  RWIX
  INFOA                 000010c0   00000040  00000000  00000040  RWIX
  FLASH                 0000f800   000007e0  00000272  0000056e  RWIX
  INT00                 0000ffe0   00000002  00000000  00000002  RWIX
  INT01                 0000ffe2   00000002  00000000  00000002  RWIX
  INT02                 0000ffe4   00000002  00000002  00000000  RWIX
  INT03                 0000ffe6   00000002  00000002  00000000  RWIX
  INT04                 0000ffe8   00000002  00000002  00000000  RWIX
  INT05                 0000ffea   00000002  00000002  00000000  RWIX
  INT06                 0000ffec   00000002  00000000  00000002  RWIX
  INT07                 0000ffee   00000002  00000000  00000002  RWIX
  INT08                 0000fff0   00000002  00000002  00000000  RWIX
  INT09                 0000fff2   00000002  00000002  00000000  RWIX
  INT10                 0000fff4   00000002  00000002  00000000  RWIX
  INT11                 0000fff6   00000002  00000000  00000002  RWIX
  INT12                 0000fff8   00000002  00000000  00000002  RWIX
  INT13                 0000fffa   00000002  00000000  00000002  RWIX
  INT14                 0000fffc   00000002  00000002  00000000  RWIX
  RESET                 0000fffe   00000002  00000002  00000000  RWIX


SECTION ALLOCATION MAP

 output                                  attributes/
section   page    origin      length       input sections
--------  ----  ----------  ----------   ----------------
.data      0    00000200    00000002     UNINITIALIZED
                  00000200    00000002     main.obj (.data)

.stack     0    0000024c    00000032     UNINITIALIZED
                  0000024c    00000002     rts430_eabi.lib : boot.obj (.stack)
                  0000024e    00000030     --HOLE--

.text      0    0000f800    00000264     
                  0000f800    0000007c     rts430_eabi.lib : copy_decompress_lzss.obj (.text:decompress:lzss:__TI_decompress_lzss)
                  0000f87c    0000006e                     : autoinit.obj (.text:_auto_init)
                  0000f8ea    0000005a                     : cpy_tbl.obj (.text:copy_in)
                  0000f944    0000004c                     : lsr16.obj (.text)
                  0000f990    00000032     main.obj (.text:main)
                  0000f9c2    0000002c     rts430_eabi.lib : lsl16.obj (.text)
                  0000f9ee    0000001a                     : boot_special.obj (.text:_c_int00_noargs_noexit)
                  0000fa08    00000014                     : mult16.obj (.text)
                  0000fa1c    00000012                     : copy_decompress_none.obj (.text:decompress:none:__TI_decompress_none)
                  0000fa2e    00000012                     : memcpy.obj (.text:memcpy)
                  0000fa40    00000010                     : epilog.obj (.text)
                  0000fa50    00000008                     : isr_trap.obj (.text:_isr:__TI_ISR_TRAP)
                  0000fa58    00000006                     : exit.obj (.text:abort)
                  0000fa5e    00000004                     : pre_init.obj (.text:_system_pre_init)
                  0000fa62    00000002                     : startup.obj (.text:_system_post_cinit)

.cinit     0    0000fa64    0000000e     
                  0000fa64    00000006     (.cinit..data.load) [load image]
                  0000fa6a    00000004     (__TI_handler_table)
                  0000fa6e    00000004     (__TI_cinit_table)

.binit     0    0000f800    00000000     

.init_array 
*          0    0000f800    00000000     UNINITIALIZED

PORT1      0    0000ffe4    00000002     
                  0000ffe4    00000002     rts430_eabi.lib : int02.obj (.int02)

PORT2      0    0000ffe6    00000002     
                  0000ffe6    00000002     rts430_eabi.lib : int03.obj (.int03)

USI        0    0000ffe8    00000002     
                  0000ffe8    00000002     rts430_eabi.lib : int04.obj (.int04)

ADC10      0    0000ffea    00000002     
                  0000ffea    00000002     rts430_eabi.lib : int05.obj (.int05)

TIMERA1    0    0000fff0    00000002     
                  0000fff0    00000002     rts430_eabi.lib : int08.obj (.int08)

TIMERA0    0    0000fff2    00000002     
                  0000fff2    00000002     rts430_eabi.lib : int09.obj (.int09)

WDT        0    0000fff4    00000002     
                  0000fff4    00000002     rts430_eabi.lib : int10.obj (.int10)

NMI        0    0000fffc    00000002     
                  0000fffc    00000002     rts430_eabi.lib : int14.obj (.int14)

.reset     0    0000fffe    00000002     
                  0000fffe    00000002     rts430_eabi.lib : boot.obj (.reset)

MODULE SUMMARY

       Module                     code   ro data   rw data
       ------                     ----   -------   -------
    .\
       main.obj                   50     0         2      
    +--+--------------------------+------+---------+---------+
       Total:                     50     0         2      
                                                          
    C:\ti\ccsv7\tools\compiler\ti-cgt-msp430_16.9.3.LTS\lib\rts430_eabi.lib
       copy_decompress_lzss.obj   124    0         0      
       autoinit.obj               110    0         0      
       cpy_tbl.obj                90     0         0      
       lsr16.obj                  76     0         0      
       lsl16.obj                  44     0         0      
       boot_special.obj           26     0         0      
       mult16.obj                 20     0         0      
       copy_decompress_none.obj   18     0         0      
       memcpy.obj                 18     0         0      
       epilog.obj                 16     0         0      
       isr_trap.obj               8      0         0      
       exit.obj                   6      0         0      
       pre_init.obj               4      0         0      
       boot.obj                   0      2         0      
       int02.obj                  0      2         0      
       int03.obj                  0      2         0      
       int04.obj                  0      2         0      
       int05.obj                  0      2         0      
       int08.obj                  0      2         0      
       int09.obj                  0      2         0      
       int10.obj                  0      2         0      
       int14.obj                  0      2         0      
       startup.obj                2      0         0      
    +--+--------------------------+------+---------+---------+
       Total:                     562    18        0      
                                                          
       Stack:                     0      0         50     
       Linker Generated:          0      14        0      
    +--+--------------------------+------+---------+---------+
       Grand Total:               612    32        52     


LINKER GENERATED COPY TABLES

__TI_cinit_table @ 0000fa6e records: 1, size/record: 4, table size: 4
	.data: load addr=0000fa64, load size=00000006 bytes, run addr=00000200, run size=00000002 bytes, compression=copy


LINKER GENERATED HANDLER TABLE

__TI_handler_table @ 0000fa6a records: 2, size/record: 2, table size: 4
	index: 0, handler: __TI_decompress_lzss
	index: 1, handler: __TI_decompress_none


GLOBAL SYMBOLS: SORTED ALPHABETICALLY BY Name 

address   name                    
-------   ----                    
0000004a  ADC10AE0                
000001b0  ADC10CTL0               
000001b2  ADC10CTL1               
00000048  ADC10DTC0               
00000049  ADC10DTC1               
000001b4  ADC10MEM                
000001bc  ADC10SA                 
00000057  BCSCTL1                 
00000058  BCSCTL2                 
00000053  BCSCTL3                 
0000fa58  C$$EXIT                 
000010ff  CALBC1_1MHZ             
000010fe  CALDCO_1MHZ             
00000056  DCOCTL                  
00000128  FCTL1                   
0000012a  FCTL2                   
0000012c  FCTL3                   
00000000  IE1                     
00000002  IFG1                    
00000022  P1DIR                   
00000025  P1IE                    
00000024  P1IES                   
00000023  P1IFG                   
00000020  P1IN                    
00000021  P1OUT                   
00000027  P1REN                   
00000026  P1SEL                   
0000002a  P2DIR                   
0000002d  P2IE                    
0000002c  P2IES                   
0000002b  P2IFG                   
00000028  P2IN                    
00000029  P2OUT                   
0000002f  P2REN                   
0000002e  P2SEL                   
00000172  TACCR0                  
00000174  TACCR1                  
00000162  TACCTL0                 
00000164  TACCTL1                 
00000160  TACTL                   
0000012e  TAIV                    
00000170  TAR                     
0000007a  USICCTL                 
0000007a  USICKCTL                
0000007b  USICNT                  
00000078  USICTL                  
00000078  USICTL0                 
00000079  USICTL1                 
0000007c  USISR                   
0000007d  USISRH                  
0000007c  USISRL                  
00000120  WDTCTL                  
0000027e  __STACK_END             
00000032  __STACK_SIZE            
UNDEFED   __TI_BINIT_Base         
UNDEFED   __TI_BINIT_Limit        
0000fa6e  __TI_CINIT_Base         
0000fa72  __TI_CINIT_Limit        
0000fa6a  __TI_Handler_Table_Base 
0000fa6e  __TI_Handler_Table_Limit
UNDEFED   __TI_INITARRAY_Base     
UNDEFED   __TI_INITARRAY_Limit    
0000fa50  __TI_ISR_TRAP           
0000f800  __TI_decompress_lzss    
0000fa1c  __TI_decompress_none    
0000ffe4  __TI_int02              
0000ffe6  __TI_int03              
0000ffe8  __TI_int04              
0000ffea  __TI_int05              
0000fff0  __TI_int08              
0000fff2  __TI_int09              
0000fff4  __TI_int10              
0000fffc  __TI_int14              
ffffffff  __TI_pprof_out_hndl     
ffffffff  __TI_prof_data_size     
ffffffff  __TI_prof_data_start    
ffffffff  __c_args__              
0000fa4c  __mspabi_func_epilog_1  
0000fa4a  __mspabi_func_epilog_2  
0000fa48  __mspabi_func_epilog_3  
0000fa46  __mspabi_func_epilog_4  
0000fa44  __mspabi_func_epilog_5  
0000fa42  __mspabi_func_epilog_6  
0000fa40  __mspabi_func_epilog_7  
0000fa08  __mspabi_mpyi           
0000fa08  __mspabi_mpyi_sw        
0000f9c2  __mspabi_slli           
0000f9ea  __mspabi_slli_1         
0000f9d8  __mspabi_slli_10        
0000f9d6  __mspabi_slli_11        
0000f9d4  __mspabi_slli_12        
0000f9d2  __mspabi_slli_13        
0000f9d0  __mspabi_slli_14        
0000f9ce  __mspabi_slli_15        
0000f9e8  __mspabi_slli_2         
0000f9e6  __mspabi_slli_3         
0000f9e4  __mspabi_slli_4         
0000f9e2  __mspabi_slli_5         
0000f9e0  __mspabi_slli_6         
0000f9de  __mspabi_slli_7         
0000f9dc  __mspabi_slli_8         
0000f9da  __mspabi_slli_9         
0000f944  __mspabi_srli           
0000f98a  __mspabi_srli_1         
0000f966  __mspabi_srli_10        
0000f962  __mspabi_srli_11        
0000f95e  __mspabi_srli_12        
0000f95a  __mspabi_srli_13        
0000f956  __mspabi_srli_14        
0000f952  __mspabi_srli_15        
0000f986  __mspabi_srli_2         
0000f982  __mspabi_srli_3         
0000f97e  __mspabi_srli_4         
0000f97a  __mspabi_srli_5         
0000f976  __mspabi_srli_6         
0000f972  __mspabi_srli_7         
0000f96e  __mspabi_srli_8         
0000f96a  __mspabi_srli_9         
0000f87c  _auto_init              
0000f9ee  _c_int00_noargs_noexit  
0000fffe  _reset_vector           
0000024c  _stack                  
0000fa62  _system_post_cinit      
0000fa5e  _system_pre_init        
0000fa58  abort                   
0000f8ea  copy_in                 
00000200  i                       
0000f990  main                    
0000fa2e  memcpy                  


GLOBAL SYMBOLS: SORTED BY Symbol Address 

address   name                    
-------   ----                    
00000000  IE1                     
00000002  IFG1                    
00000020  P1IN                    
00000021  P1OUT                   
00000022  P1DIR                   
00000023  P1IFG                   
00000024  P1IES                   
00000025  P1IE                    
00000026  P1SEL                   
00000027  P1REN                   
00000028  P2IN                    
00000029  P2OUT                   
0000002a  P2DIR                   
0000002b  P2IFG                   
0000002c  P2IES                   
0000002d  P2IE                    
0000002e  P2SEL                   
0000002f  P2REN                   
00000032  __STACK_SIZE            
00000048  ADC10DTC0               
00000049  ADC10DTC1               
0000004a  ADC10AE0                
00000053  BCSCTL3                 
00000056  DCOCTL                  
00000057  BCSCTL1                 
00000058  BCSCTL2                 
00000078  USICTL                  
00000078  USICTL0                 
00000079  USICTL1                 
0000007a  USICCTL                 
0000007a  USICKCTL                
0000007b  USICNT                  
0000007c  USISR                   
0000007c  USISRL                  
0000007d  USISRH                  
00000120  WDTCTL                  
00000128  FCTL1                   
0000012a  FCTL2                   
0000012c  FCTL3                   
0000012e  TAIV                    
00000160  TACTL                   
00000162  TACCTL0                 
00000164  TACCTL1                 
00000170  TAR                     
00000172  TACCR0                  
00000174  TACCR1                  
000001b0  ADC10CTL0               
000001b2  ADC10CTL1               
000001b4  ADC10MEM                
000001bc  ADC10SA                 
00000200  i                       
0000024c  _stack                  
0000027e  __STACK_END             
000010fe  CALDCO_1MHZ             
000010ff  CALBC1_1MHZ             
0000f800  __TI_decompress_lzss    
0000f87c  _auto_init              
0000f8ea  copy_in                 
0000f944  __mspabi_srli           
0000f952  __mspabi_srli_15        
0000f956  __mspabi_srli_14        
0000f95a  __mspabi_srli_13        
0000f95e  __mspabi_srli_12        
0000f962  __mspabi_srli_11        
0000f966  __mspabi_srli_10        
0000f96a  __mspabi_srli_9         
0000f96e  __mspabi_srli_8         
0000f972  __mspabi_srli_7         
0000f976  __mspabi_srli_6         
0000f97a  __mspabi_srli_5         
0000f97e  __mspabi_srli_4         
0000f982  __mspabi_srli_3         
0000f986  __mspabi_srli_2         
0000f98a  __mspabi_srli_1         
0000f990  main                    
0000f9c2  __mspabi_slli           
0000f9ce  __mspabi_slli_15        
0000f9d0  __mspabi_slli_14        
0000f9d2  __mspabi_slli_13        
0000f9d4  __mspabi_slli_12        
0000f9d6  __mspabi_slli_11        
0000f9d8  __mspabi_slli_10        
0000f9da  __mspabi_slli_9         
0000f9dc  __mspabi_slli_8         
0000f9de  __mspabi_slli_7         
0000f9e0  __mspabi_slli_6         
0000f9e2  __mspabi_slli_5         
0000f9e4  __mspabi_slli_4         
0000f9e6  __mspabi_slli_3         
0000f9e8  __mspabi_slli_2         
0000f9ea  __mspabi_slli_1         
0000f9ee  _c_int00_noargs_noexit  
0000fa08  __mspabi_mpyi           
0000fa08  __mspabi_mpyi_sw        
0000fa1c  __TI_decompress_none    
0000fa2e  memcpy                  
0000fa40  __mspabi_func_epilog_7  
0000fa42  __mspabi_func_epilog_6  
0000fa44  __mspabi_func_epilog_5  
0000fa46  __mspabi_func_epilog_4  
0000fa48  __mspabi_func_epilog_3  
0000fa4a  __mspabi_func_epilog_2  
0000fa4c  __mspabi_func_epilog_1  
0000fa50  __TI_ISR_TRAP           
0000fa58  C$$EXIT                 
0000fa58  abort                   
0000fa5e  _system_pre_init        
0000fa62  _system_post_cinit      
0000fa6a  __TI_Handler_Table_Base 
0000fa6e  __TI_CINIT_Base         
0000fa6e  __TI_Handler_Table_Limit
0000fa72  __TI_CINIT_Limit        
0000ffe4  __TI_int02              
0000ffe6  __TI_int03              
0000ffe8  __TI_int04              
0000ffea  __TI_int05              
0000fff0  __TI_int08              
0000fff2  __TI_int09              
0000fff4  __TI_int10              
0000fffc  __TI_int14              
0000fffe  _reset_vector           
ffffffff  __TI_pprof_out_hndl     
ffffffff  __TI_prof_data_size     
ffffffff  __TI_prof_data_start    
ffffffff  __c_args__              
UNDEFED   __TI_BINIT_Base         
UNDEFED   __TI_BINIT_Limit        
UNDEFED   __TI_INITARRAY_Base     
UNDEFED   __TI_INITARRAY_Limit    

[129 symbols]
